[15:31:37] [ServerMain/INFO]: [bootstrap] Running Java 25 (Java HotSpot(TM) 64-Bit Server VM 25.0.3+9-LTS-195; Oracle Corporation null) on Windows 11 10.0 (amd64)
[15:31:37] [ServerMain/INFO]: [bootstrap] Loading Paper 26.1.2-74-ver/26.1.2@e4e17fc (2026-07-06T16:51:09Z) for Minecraft 26.1.2
[15:31:39] [ServerMain/INFO]: [PluginInitializerManager] Initializing plugins...
[15:31:39] [ServerMain/INFO]: [PluginInitializerManager] Initialized 1 plugin
[15:31:39] [ServerMain/INFO]: [PluginInitializerManager] Bukkit plugins (1):
 - mysterriaTreinar (1.0-SNAPSHOT)
[15:31:47] [ServerMain/INFO]: Environment: Environment[sessionHost=https://sessionserver.mojang.com, servicesHost=https://api.minecraftservices.com, profilesHost=https://api.mojang.com, name=PROD]
[15:31:50] [ServerMain/INFO]: Loaded 1515 recipes
[15:31:50] [ServerMain/INFO]: Loaded 1617 advancements
[15:31:50] [ServerMain/INFO]: [ca.spottedleaf.dataconverter.minecraft.datatypes.MCTypeRegistry] Initialising converters for DataConverter...
[15:31:50] [ServerMain/INFO]: [ca.spottedleaf.dataconverter.minecraft.datatypes.MCTypeRegistry] Finished initialising converters for DataConverter in 642,1ms
[15:31:51] [Server thread/INFO]: Starting minecraft server version 26.1.2
[15:31:51] [Server thread/INFO]: Loading properties
[15:31:51] [Server thread/INFO]: This server is running Paper version 26.1.2-74-ver/26.1.2@e4e17fc (2026-07-06T16:51:09Z) (Implementing API version 26.1.2.build.74-stable)
[15:31:51] [Server thread/INFO]: [spark] This server bundles the spark profiler. For more information please visit https://docs.papermc.io/paper/profiling
[15:31:51] [Server thread/INFO]: Server Ping Player Sample Count: 12
[15:31:51] [Server thread/INFO]: Using 4 threads for Netty based IO
[15:31:52] [Server thread/INFO]: [MoonriseCommon] Paper is using 4 worker threads, 1 I/O threads
[15:31:52] [Server thread/INFO]: Default game type: SURVIVAL
[15:31:52] [Server thread/INFO]: Generating keypair
[15:31:52] [Server thread/INFO]: Starting Minecraft server on *:25565
[15:31:52] [Server thread/INFO]: Paper: Using Java compression from Velocity.
[15:31:52] [Server thread/INFO]: Paper: Using Java cipher from Velocity.
[15:31:52] [Server thread/INFO]: [mysterriaTreinar] Loading server plugin mysterriaTreinar v1.0-SNAPSHOT
[15:31:52] [Server thread/INFO]: Server permissions file permissions.yml is empty, ignoring it
[15:31:52] [Server thread/INFO]: Preparing level "world"
[15:31:53] [Server thread/INFO]: Loading 0 persistent chunks for level 'minecraft:overworld'...
[15:31:53] [Server thread/INFO]: Preparing spawn area: 100%
[15:31:53] [Server thread/INFO]: Prepared spawn area in 3 ms
[15:31:53] [Server thread/INFO]: Loading 0 persistent chunks for level 'minecraft:the_nether'...
[15:31:53] [Server thread/INFO]: Prepared spawn area in 2 ms
[15:31:53] [Server thread/INFO]: Loading 0 persistent chunks for level 'minecraft:the_end'...
[15:31:53] [Server thread/INFO]: Prepared spawn area in 0 ms
[15:31:53] [Server thread/INFO]: Done preparing level "world" (0.714s)
[15:31:53] [Server thread/INFO]: [mysterriaTreinar] Enabling mysterriaTreinar v1.0-SNAPSHOT
[15:31:53] [Server thread/INFO]: [mysterriaTreinar] ✓ MysterriaTreinar loaded with 3 abilities
[15:31:53] [Server thread/INFO]: [spark] Starting background profiler...
[15:31:53] [Server thread/INFO]: [spark] The async-profiler engine is not supported for your os/arch (windows11/amd64), so the built-in Java engine will be used instead.
[15:31:53] [Server thread/INFO]: Saving chunks for level 'ServerLevel[world]'/minecraft:overworld
[15:31:53] [Server thread/INFO]: Saving chunks for level 'ServerLevel[world]'/minecraft:the_nether
[15:31:53] [Server thread/INFO]: Saving chunks for level 'ServerLevel[world]'/minecraft:the_end
[15:31:53] [Server thread/INFO]: ThreadedAnvilChunkStorage (world): All chunks are saved
[15:31:53] [Server thread/INFO]: ThreadedAnvilChunkStorage (DIM-1): All chunks are saved
[15:31:53] [Server thread/INFO]: ThreadedAnvilChunkStorage (DIM1): All chunks are saved
[15:31:53] [Server thread/INFO]: ThreadedAnvilChunkStorage: All dimensions are saved
[15:31:53] [Server thread/INFO]: Running delayed init tasks
[15:31:53] [Server thread/INFO]: Done (17.658s)! For help, type "help"
[15:31:54] [Paper Async Task Handler Thread - 1/WARN]: *************************************************************************************
[15:31:54] [Paper Async Task Handler Thread - 1/WARN]: You are running the latest build for your Minecraft version (26.1.2)
[15:31:54] [Paper Async Task Handler Thread - 1/WARN]: However, you are 2 release(s) behind the latest stable release (26.2)!
[15:31:54] [Paper Async Task Handler Thread - 1/WARN]: It is recommended that you update as soon as possible
[15:31:54] [Paper Async Task Handler Thread - 1/WARN]: https://papermc.io/downloads/paper
[15:31:54] [Paper Async Task Handler Thread - 1/WARN]: *************************************************************************************
[15:32:06] [User Authenticator #0/INFO]: UUID of player rodsharck13 is 8e6056cd-d800-4646-a55b-06f5fb13661a
[15:32:07] [Server thread/INFO]: rodsharck13 joined the game
[15:32:08] [Server thread/INFO]: rodsharck13[/127.0.0.1:62537] logged in with entity id 41 at ([minecraft:overworld]14.563349538634759, 127.0, -41.188521119729394)
[15:32:12] [Server thread/INFO]: rodsharck13 issued server command: /givepaper time_stop
[15:33:24] [Server thread/WARN]: rodsharck13 moved too quickly! 0.0,26.020000457763672,0.0
[15:33:24] [Server thread/WARN]: rodsharck13 moved too quickly! 0.02064638268670027,26.020000457763672,-0.031650753774712825
[15:33:25] [Server thread/WARN]: rodsharck13 moved too quickly! 0.0,26.020000457763672,0.0
[15:33:25] [Server thread/WARN]: rodsharck13 moved too quickly! 0.0,26.020000457763672,0.0
[15:33:26] [Server thread/WARN]: rodsharck13 moved too quickly! 0.0,26.020000457763672,0.0
[15:33:26] [Server thread/WARN]: rodsharck13 moved too quickly! 0.0,26.020000457763672,0.0
[15:33:27] [Server thread/WARN]: rodsharck13 moved too quickly! 0.0,26.020000457763672,0.0
[15:33:27] [Server thread/WARN]: rodsharck13 moved too quickly! 0.0,26.020000457763672,0.0
[15:33:28] [Server thread/WARN]: rodsharck13 moved too quickly! 0.0,26.020000457763672,0.0
[15:33:30] [Server thread/WARN]: rodsharck13 moved too quickly! 0.0,26.020000457763672,0.0
[15:33:31] [Server thread/INFO]: rodsharck13 was shot by Skeleton
[15:33:41] [Server thread/INFO]: rodsharck13 lost connection: Disconnected
[15:33:41] [Server thread/INFO]: rodsharck13 left the game
